// Jest Snapshot v1, https://goo.gl/fbAQLP

exports[`Filter Checkboxes Selectors Should match snapshot 1`] = `"{\\"checkbox\\":\\"[data-js=\\\\\\"tribe-filter-bar-c-checkbox-input\\\\\\"]\\"}"`;
