// Jest Snapshot v1, https://goo.gl/fbAQLP

exports[`Filter Radios Selectors Should match snapshot 1`] = `"{\\"radio\\":\\"[data-js=\\\\\\"tribe-filter-bar-c-radio-input\\\\\\"]\\"}"`;
