// Jest Snapshot v1, https://goo.gl/fbAQLP

exports[`Filter Remove Selectors Should match snapshot 1`] = `"{\\"removeButton\\":\\"[data-js=\\\\\\"tribe-filter-bar-c-pill__remove-button\\\\\\"]\\",\\"pillFilterName\\":\\"[data-filter-name]\\"}"`;
